// Jest Snapshot v1, https://goo.gl/fbAQLP

exports[`test Input with label component snapshot testing 1`] = `
<div>
  <label>
    Search Label
     
  </label>
  <input
    type="text"
    value="React"
  />
</div>
`;
